

================================================================
== Vitis HLS Report for 'big_mult_v3_101_17_s'
================================================================
* Date:           Wed Jan  1 00:01:12 2020

* Version:        2020.1 (Build 2902540 on Wed May 27 20:16:15 MDT 2020)
* Project:        MorrisLecar
* Solution:       MorrisLecar (Vivado IP Flow Target)
* Product family: zynq
* Target device:  xc7z020-clg400-1


================================================================
== Performance Estimates
================================================================
+ Timing: 
    * Summary: 
    +--------+----------+----------+------------+
    |  Clock |  Target  | Estimated| Uncertainty|
    +--------+----------+----------+------------+
    |ap_clk  | 10.00 ns | 7.447 ns |   2.70 ns  |
    +--------+----------+----------+------------+

+ Latency: 
    * Summary: 
    +---------+---------+----------+----------+-----+-----+---------+
    |  Latency (cycles) |  Latency (absolute) |  Interval | Pipeline|
    |   min   |   max   |    min   |    max   | min | max |   Type  |
    +---------+---------+----------+----------+-----+-----+---------+
    |      311|      311| 3.110 us | 3.110 us |  311|  311|   none  |
    +---------+---------+----------+----------+-----+-----+---------+

    + Detail: 
        * Instance: 
        N/A

        * Loop: 
        +-------------+---------+---------+----------+-----------+-----------+------+----------+
        |             |  Latency (cycles) | Iteration|  Initiation Interval  | Trip |          |
        |  Loop Name  |   min   |   max   |  Latency |  achieved |   target  | Count| Pipelined|
        +-------------+---------+---------+----------+-----------+-----------+------+----------+
        |- Loop 1     |      204|      204|        34|          -|          -|     6|    no    |
        | + Loop 1.1  |       30|       30|         5|          -|          -|     6|    no    |
        |- Loop 2     |       88|       88|         8|          8|          1|    11|    yes   |
        |- Loop 3     |       13|       13|         3|          1|          1|    12|    yes   |
        +-------------+---------+---------+----------+-----------+-----------+------+----------+



================================================================
== Utilization Estimates
================================================================
* Summary: 
+-----------------+---------+-----+--------+-------+-----+
|       Name      | BRAM_18K| DSP |   FF   |  LUT  | URAM|
+-----------------+---------+-----+--------+-------+-----+
|DSP              |        -|    -|       -|      -|    -|
|Expression       |        -|    -|       0|   6088|    -|
|FIFO             |        -|    -|       -|      -|    -|
|Instance         |        -|    3|     173|     54|    -|
|Memory           |        2|    -|      74|      7|    -|
|Multiplexer      |        -|    -|       -|    353|    -|
|Register         |        -|    -|    1154|      -|    -|
+-----------------+---------+-----+--------+-------+-----+
|Total            |        2|    3|    1401|   6502|    0|
+-----------------+---------+-----+--------+-------+-----+
|Available        |      280|  220|  106400|  53200|    0|
+-----------------+---------+-----+--------+-------+-----+
|Utilization (%)  |    ~0   |    1|       1|     12|    0|
+-----------------+---------+-----+--------+-------+-----+

+ Detail: 
    * Instance: 
    +------------------------+--------------------+---------+----+-----+----+-----+
    |        Instance        |       Module       | BRAM_18K| DSP|  FF | LUT| URAM|
    +------------------------+--------------------+---------+----+-----+----+-----+
    |mul_34s_34s_34_2_1_U44  |mul_34s_34s_34_2_1  |        0|   3|  173|  54|    0|
    +------------------------+--------------------+---------+----+-----+----+-----+
    |Total                   |                    |        0|   3|  173|  54|    0|
    +------------------------+--------------------+---------+----+-----+----+-----+

    * DSP: 
    N/A

    * Memory: 
    +---------+----------------------------+---------+----+----+-----+------+-----+------+-------------+
    |  Memory |           Module           | BRAM_18K| FF | LUT| URAM| Words| Bits| Banks| W*Bits*Banks|
    +---------+----------------------------+---------+----+----+-----+------+-----+------+-------------+
    |pp_V_U   |big_mult_v3_101_17_s_pp_V   |        2|   0|   0|    0|    36|   34|     1|         1224|
    |pps_V_U  |big_mult_v3_101_17_s_pps_V  |        0|  74|   7|    0|    12|   37|     1|          444|
    +---------+----------------------------+---------+----+----+-----+------+-----+------+-------------+
    |Total    |                            |        2|  74|   7|    0|    48|   71|     2|         1668|
    +---------+----------------------------+---------+----+----+-----+------+-----+------+-------------+

    * FIFO: 
    N/A

    * Expression: 
    +-----------------------------+----------+----+---+-----+------------+------------+
    |        Variable Name        | Operation| DSP| FF| LUT | Bitwidth P0| Bitwidth P1|
    +-----------------------------+----------+----+---+-----+------------+------------+
    |add_ln224_fu_546_p2          |     +    |   0|  0|   12|           3|           1|
    |add_ln226_fu_578_p2          |     +    |   0|  0|   15|           7|           7|
    |add_ln227_fu_530_p2          |     +    |   0|  0|   15|           6|           6|
    |add_ln234_fu_1014_p2         |     +    |   0|  0|   13|           4|           1|
    |add_ln235_fu_702_p2          |     +    |   0|  0|   13|           4|           2|
    |add_ln237_5_fu_810_p2        |     +    |   0|  0|   15|           5|           3|
    |add_ln237_6_fu_873_p2        |     +    |   0|  0|   13|           4|           4|
    |add_ln237_7_fu_912_p2        |     +    |   0|  0|   13|           4|           4|
    |add_ln237_fu_775_p2          |     +    |   0|  0|   15|           5|           3|
    |add_ln238_6_fu_781_p2        |     +    |   0|  0|   15|           5|           4|
    |add_ln238_7_fu_816_p2        |     +    |   0|  0|   15|           5|           4|
    |add_ln238_8_fu_883_p2        |     +    |   0|  0|   15|           5|           5|
    |add_ln238_9_fu_922_p2        |     +    |   0|  0|   15|           6|           5|
    |add_ln238_fu_717_p2          |     +    |   0|  0|   15|           5|           3|
    |add_ln243_fu_1026_p2         |     +    |   0|  0|   13|           4|           1|
    |add_ln649_1_fu_953_p2        |     +    |   0|  0|   43|          36|          36|
    |add_ln649_2_fu_968_p2        |     +    |   0|  0|   43|          36|          36|
    |add_ln649_3_fu_986_p2        |     +    |   0|  0|   44|          37|          37|
    |add_ln649_4_fu_997_p2        |     +    |   0|  0|   44|          37|          37|
    |add_ln649_5_fu_1007_p2       |     +    |   0|  0|   44|          37|          37|
    |add_ln649_fu_846_p2          |     +    |   0|  0|   42|          35|          35|
    |empty_74_fu_415_p2           |     +    |   0|  0|   15|           7|           7|
    |indvars_iv_next81_fu_383_p2  |     +    |   0|  0|   12|           3|           1|
    |sub_ln227_fu_371_p2          |     -    |   0|  0|   15|           6|           6|
    |sub_ln311_10_fu_492_p2       |     -    |   0|  0|   15|           6|           7|
    |sub_ln311_11_fu_608_p2       |     -    |   0|  0|   15|           7|           7|
    |sub_ln311_12_fu_634_p2       |     -    |   0|  0|   15|           6|           7|
    |sub_ln311_13_fu_614_p2       |     -    |   0|  0|   15|           7|           7|
    |sub_ln311_14_fu_628_p2       |     -    |   0|  0|   15|           6|           7|
    |sub_ln311_8_fu_458_p2        |     -    |   0|  0|   15|           6|           7|
    |sub_ln311_9_fu_464_p2        |     -    |   0|  0|   15|           7|           7|
    |sub_ln311_fu_453_p2          |     -    |   0|  0|   15|           7|           7|
    |sub_ln368_2_fu_1114_p2       |     -    |   0|  0|   15|           7|           8|
    |sub_ln368_fu_1080_p2         |     -    |   0|  0|   15|           7|           8|
    |and_ln237_2_fu_798_p2        |    and   |   0|  0|    2|           1|           1|
    |and_ln237_3_fu_833_p2        |    and   |   0|  0|    2|           1|           1|
    |and_ln237_4_fu_900_p2        |    and   |   0|  0|    2|           1|           1|
    |and_ln237_fu_939_p2          |    and   |   0|  0|    2|           1|           1|
    |and_ln368_3_fu_1167_p2       |    and   |   0|  0|  202|         202|         202|
    |and_ln368_4_fu_1173_p2       |    and   |   0|  0|  202|         202|         202|
    |and_ln368_fu_1155_p2         |    and   |   0|  0|  202|         202|         202|
    |p_Result_63_fu_671_p2        |    and   |   0|  0|  101|         101|         101|
    |p_Result_s_fu_517_p2         |    and   |   0|  0|  101|         101|         101|
    |cmp8_fu_389_p2               |   icmp   |   0|  0|    9|           3|           3|
    |icmp_ln223_fu_377_p2         |   icmp   |   0|  0|    9|           3|           3|
    |icmp_ln224_fu_540_p2         |   icmp   |   0|  0|    9|           3|           3|
    |icmp_ln226_fu_552_p2         |   icmp   |   0|  0|    9|           3|           3|
    |icmp_ln234_fu_690_p2         |   icmp   |   0|  0|    9|           4|           4|
    |icmp_ln237_12_fu_734_p2      |   icmp   |   0|  0|    9|           4|           3|
    |icmp_ln237_13_fu_769_p2      |   icmp   |   0|  0|    9|           3|           1|
    |icmp_ln237_14_fu_792_p2      |   icmp   |   0|  0|   11|           5|           3|
    |icmp_ln237_15_fu_827_p2      |   icmp   |   0|  0|   11|           5|           3|
    |icmp_ln237_16_fu_894_p2      |   icmp   |   0|  0|    9|           4|           3|
    |icmp_ln237_17_fu_933_p2      |   icmp   |   0|  0|    9|           4|           3|
    |icmp_ln237_18_fu_867_p2      |   icmp   |   0|  0|    8|           2|           1|
    |icmp_ln237_3_fu_804_p2       |   icmp   |   0|  0|    9|           4|           2|
    |icmp_ln237_5_fu_906_p2       |   icmp   |   0|  0|    9|           4|           3|
    |icmp_ln237_fu_728_p2         |   icmp   |   0|  0|    9|           4|           3|
    |icmp_ln243_fu_1020_p2        |   icmp   |   0|  0|    9|           4|           4|
    |icmp_ln247_fu_1045_p2        |   icmp   |   0|  0|   11|           8|           7|
    |icmp_ln311_2_fu_602_p2       |   icmp   |   0|  0|   11|           7|           7|
    |icmp_ln311_fu_439_p2         |   icmp   |   0|  0|   11|           7|           7|
    |icmp_ln368_fu_1075_p2        |   icmp   |   0|  0|   11|           8|           8|
    |lshr_ln311_4_fu_511_p2       |   lshr   |   0|  0|  333|           2|         101|
    |lshr_ln311_5_fu_659_p2       |   lshr   |   0|  0|  333|         101|         101|
    |lshr_ln311_6_fu_665_p2       |   lshr   |   0|  0|  333|           2|         101|
    |lshr_ln311_fu_502_p2         |   lshr   |   0|  0|  333|         101|         101|
    |lshr_ln368_fu_1149_p2        |   lshr   |   0|  0|  734|           2|         202|
    |p_Result_64_fu_1179_p2       |    or    |   0|  0|  202|         202|         202|
    |Ui_2_fu_1051_p3              |  select  |   0|  0|    8|           1|           7|
    |Ui_fu_421_p3                 |  select  |   0|  0|    7|           1|           6|
    |Uj_fu_584_p3                 |  select  |   0|  0|    7|           1|           6|
    |select_ln311_10_fu_646_p3    |  select  |   0|  0|    7|           1|           7|
    |select_ln311_6_fu_477_p3     |  select  |   0|  0|  101|           1|         101|
    |select_ln311_7_fu_484_p3     |  select  |   0|  0|    7|           1|           7|
    |select_ln311_8_fu_620_p3     |  select  |   0|  0|    7|           1|           7|
    |select_ln311_9_fu_639_p3     |  select  |   0|  0|  100|           1|         100|
    |select_ln311_fu_469_p3       |  select  |   0|  0|    7|           1|           7|
    |select_ln368_4_fu_1109_p3    |  select  |   0|  0|    8|           1|           8|
    |select_ln368_5_fu_1086_p3    |  select  |   0|  0|    8|           1|           8|
    |select_ln368_6_fu_1137_p3    |  select  |   0|  0|  202|           1|         202|
    |select_ln368_fu_1104_p3      |  select  |   0|  0|    8|           1|           8|
    |shl_ln368_2_fu_1143_p2       |    shl   |   0|  0|  734|           2|         202|
    |shl_ln368_fu_1098_p2         |    shl   |   0|  0|  734|         202|         202|
    |ap_enable_pp1                |    xor   |   0|  0|    2|           1|           2|
    |xor_ln368_fu_1161_p2         |    xor   |   0|  0|  202|           2|         202|
    +-----------------------------+----------+----+---+-----+------------+------------+
    |Total                        |          |   0|  0| 6088|        1903|        3133|
    +-----------------------------+----------+----+---+-----+------------+------------+

    * Multiplexer: 
    +------------------------------+-----+-----------+-----+-----------+
    |             Name             | LUT | Input Size| Bits| Total Bits|
    +------------------------------+-----+-----------+-----+-----------+
    |ap_NS_fsm                     |  105|         22|    1|         22|
    |ap_enable_reg_pp1_iter1       |    9|          2|    1|          2|
    |ap_enable_reg_pp1_iter2       |   15|          3|    1|          3|
    |ap_phi_mux_i_4_phi_fu_318_p4  |    9|          2|    4|          8|
    |empty_77_reg_265              |    9|          2|   35|         70|
    |empty_78_reg_274              |    9|          2|   36|         72|
    |empty_79_reg_284              |    9|          2|   36|         72|
    |empty_80_reg_294              |    9|          2|   37|         74|
    |empty_81_reg_304              |    9|          2|   37|         74|
    |i_3_reg_253                   |    9|          2|    4|          8|
    |i_4_reg_314                   |    9|          2|    4|          8|
    |i_reg_230                     |    9|          2|    3|          6|
    |j_reg_242                     |    9|          2|    3|          6|
    |pp_V_address0                 |   33|          6|    6|         36|
    |pp_V_address1                 |   21|          4|    6|         24|
    |pps_V_address0                |   27|          5|    4|         20|
    |pps_V_d0                      |   44|          9|   37|        333|
    |reg_338                       |    9|          2|   34|         68|
    +------------------------------+-----+-----------+-----+-----------+
    |Total                         |  353|         73|  289|        906|
    +------------------------------+-----+-----------+-----+-----------+

    * Register: 
    +-----------------------------------+-----+----+-----+-----------+
    |                Name               |  FF | LUT| Bits| Const Bits|
    +-----------------------------------+-----+----+-----+-----------+
    |Ui_2_reg_1412                      |    8|   0|    8|          0|
    |Ui_2_reg_1412_pp1_iter1_reg        |    8|   0|    8|          0|
    |Ui_reg_1213                        |    7|   0|    7|          0|
    |a_cast_reg_1189                    |   85|   0|  101|         16|
    |add_ln224_reg_1243                 |    3|   0|    3|          0|
    |add_ln243_reg_1407                 |    4|   0|    4|          0|
    |add_ln311_2_reg_1248               |    6|   0|    7|          1|
    |add_ln6_reg_1424                   |    8|   0|    8|          0|
    |and_ln237_2_reg_1317               |    1|   0|    1|          0|
    |and_ln237_3_reg_1326               |    1|   0|    1|          0|
    |and_ln237_4_reg_1350               |    1|   0|    1|          0|
    |and_ln237_reg_1359                 |    1|   0|    1|          0|
    |ap_CS_fsm                          |   21|   0|   21|          0|
    |ap_enable_reg_pp1_iter0            |    1|   0|    1|          0|
    |ap_enable_reg_pp1_iter1            |    1|   0|    1|          0|
    |ap_enable_reg_pp1_iter2            |    1|   0|    1|          0|
    |empty_77_reg_265                   |   35|   0|   35|          0|
    |empty_78_reg_274                   |   36|   0|   36|          0|
    |empty_79_reg_284                   |   36|   0|   36|          0|
    |empty_80_reg_294                   |   37|   0|   37|          0|
    |empty_81_reg_304                   |   37|   0|   37|          0|
    |i_3_reg_253                        |    4|   0|    4|          0|
    |i_4_reg_314                        |    4|   0|    4|          0|
    |i_reg_230                          |    3|   0|    3|          0|
    |icmp_ln234_reg_1275                |    1|   0|    1|          0|
    |icmp_ln237_12_reg_1303             |    1|   0|    1|          0|
    |icmp_ln237_reg_1299                |    1|   0|    1|          0|
    |icmp_ln243_reg_1403                |    1|   0|    1|          0|
    |icmp_ln243_reg_1403_pp1_iter1_reg  |    1|   0|    1|          0|
    |icmp_ln311_2_reg_1254              |    1|   0|    1|          0|
    |icmp_ln368_reg_1430                |    1|   0|    1|          0|
    |indvars_iv_next81_reg_1208         |    3|   0|    3|          0|
    |j_reg_242                          |    3|   0|    3|          0|
    |lshr_ln311_reg_1225                |  101|   0|  101|          0|
    |mul_ln165_reg_1270                 |   34|   0|   34|          0|
    |p_Val2_36_reg_326                  |  202|   0|  202|          0|
    |pp_V_addr_3_reg_1235               |    6|   0|    6|          0|
    |pp_V_load_11_reg_1340              |   34|   0|   34|          0|
    |pp_V_load_13_reg_1373              |   34|   0|   34|          0|
    |pps_V_addr_5_reg_1294              |    4|   0|    4|          0|
    |r_V_reg_1307                       |   20|   0|   20|          0|
    |reg_338                            |   34|   0|   34|          0|
    |reg_343                            |   34|   0|   34|          0|
    |shl_ln368_reg_1437                 |  202|   0|  202|          0|
    |sub_ln227_reg_1200                 |    5|   0|    6|          1|
    |sub_ln311_10_reg_1220              |    7|   0|    7|          0|
    |sub_ln311_14_reg_1260              |    7|   0|    7|          0|
    |trunc_ln165_2_reg_1265             |   34|   0|   34|          0|
    |trunc_ln165_reg_1230               |   34|   0|   34|          0|
    +-----------------------------------+-----+----+-----+-----------+
    |Total                              | 1154|   0| 1172|         18|
    +-----------------------------------+-----+----+-----+-----------+



================================================================
== Interface
================================================================
* Summary: 
+-----------+-----+-----+------------+----------------------+--------------+
| RTL Ports | Dir | Bits|  Protocol  |     Source Object    |    C Type    |
+-----------+-----+-----+------------+----------------------+--------------+
|ap_clk     |  in |    1| ap_ctrl_hs | big_mult_v3<101, 17> | return value |
|ap_rst     |  in |    1| ap_ctrl_hs | big_mult_v3<101, 17> | return value |
|ap_start   |  in |    1| ap_ctrl_hs | big_mult_v3<101, 17> | return value |
|ap_done    | out |    1| ap_ctrl_hs | big_mult_v3<101, 17> | return value |
|ap_idle    | out |    1| ap_ctrl_hs | big_mult_v3<101, 17> | return value |
|ap_ready   | out |    1| ap_ctrl_hs | big_mult_v3<101, 17> | return value |
|ap_return  | out |  170| ap_ctrl_hs | big_mult_v3<101, 17> | return value |
|a          |  in |   85|   ap_none  |           a          |    scalar    |
+-----------+-----+-----+------------+----------------------+--------------+

