

================================================================
== Vitis HLS Report for 'big_mult_v3_111_17_s'
================================================================
* Date:           Wed Jan  1 00:01:11 2020

* Version:        2020.1 (Build 2902540 on Wed May 27 20:16:15 MDT 2020)
* Project:        MorrisLecar
* Solution:       MorrisLecar (Vivado IP Flow Target)
* Product family: zynq
* Target device:  xc7z020-clg400-1


================================================================
== Performance Estimates
================================================================
+ Timing: 
    * Summary: 
    +--------+----------+----------+------------+
    |  Clock |  Target  | Estimated| Uncertainty|
    +--------+----------+----------+------------+
    |ap_clk  | 10.00 ns | 7.442 ns |   2.70 ns  |
    +--------+----------+----------+------------+

+ Latency: 
    * Summary: 
    +---------+---------+----------+----------+-----+-----+---------+
    |  Latency (cycles) |  Latency (absolute) |  Interval | Pipeline|
    |   min   |   max   |    min   |    max   | min | max |   Type  |
    +---------+---------+----------+----------+-----+-----+---------+
    |      411|      411| 4.110 us | 4.110 us |  411|  411|   none  |
    +---------+---------+----------+----------+-----+-----+---------+

    + Detail: 
        * Instance: 
        N/A

        * Loop: 
        +-------------+---------+---------+----------+-----------+-----------+------+----------+
        |             |  Latency (cycles) | Iteration|  Initiation Interval  | Trip |          |
        |  Loop Name  |   min   |   max   |  Latency |  achieved |   target  | Count| Pipelined|
        +-------------+---------+---------+----------+-----------+-----------+------+----------+
        |- Loop 1     |      273|      273|        39|          -|          -|     7|    no    |
        | + Loop 1.1  |       35|       35|         5|          -|          -|     7|    no    |
        |- Loop 2     |      117|      117|         9|          9|          1|    13|    yes   |
        |- Loop 3     |       15|       15|         3|          1|          1|    14|    yes   |
        +-------------+---------+---------+----------+-----------+-----------+------+----------+



================================================================
== Utilization Estimates
================================================================
* Summary: 
+-----------------+---------+-----+--------+-------+-----+
|       Name      | BRAM_18K| DSP |   FF   |  LUT  | URAM|
+-----------------+---------+-----+--------+-------+-----+
|DSP              |        -|    -|       -|      -|    -|
|Expression       |        -|    -|       0|   6738|    -|
|FIFO             |        -|    -|       -|      -|    -|
|Instance         |        -|    3|     173|     54|    -|
|Memory           |        2|    -|      74|      9|    -|
|Multiplexer      |        -|    -|       -|    375|    -|
|Register         |        -|    -|    1258|      -|    -|
+-----------------+---------+-----+--------+-------+-----+
|Total            |        2|    3|    1505|   7176|    0|
+-----------------+---------+-----+--------+-------+-----+
|Available        |      280|  220|  106400|  53200|    0|
+-----------------+---------+-----+--------+-------+-----+
|Utilization (%)  |    ~0   |    1|       1|     13|    0|
+-----------------+---------+-----+--------+-------+-----+

+ Detail: 
    * Instance: 
    +------------------------+--------------------+---------+----+-----+----+-----+
    |        Instance        |       Module       | BRAM_18K| DSP|  FF | LUT| URAM|
    +------------------------+--------------------+---------+----+-----+----+-----+
    |mul_34s_34s_34_2_1_U39  |mul_34s_34s_34_2_1  |        0|   3|  173|  54|    0|
    +------------------------+--------------------+---------+----+-----+----+-----+
    |Total                   |                    |        0|   3|  173|  54|    0|
    +------------------------+--------------------+---------+----+-----+----+-----+

    * DSP: 
    N/A

    * Memory: 
    +---------+----------------------------+---------+----+----+-----+------+-----+------+-------------+
    |  Memory |           Module           | BRAM_18K| FF | LUT| URAM| Words| Bits| Banks| W*Bits*Banks|
    +---------+----------------------------+---------+----+----+-----+------+-----+------+-------------+
    |pp_V_U   |big_mult_v3_111_17_s_pp_V   |        2|   0|   0|    0|    49|   34|     1|         1666|
    |pps_V_U  |big_mult_v3_111_17_s_pps_V  |        0|  74|   9|    0|    14|   37|     1|          518|
    +---------+----------------------------+---------+----+----+-----+------+-----+------+-------------+
    |Total    |                            |        2|  74|   9|    0|    63|   71|     2|         2184|
    +---------+----------------------------+---------+----+----+-----+------+-----+------+-------------+

    * FIFO: 
    N/A

    * Expression: 
    +-----------------------------+----------+----+---+-----+------------+------------+
    |        Variable Name        | Operation| DSP| FF| LUT | Bitwidth P0| Bitwidth P1|
    +-----------------------------+----------+----+---+-----+------------+------------+
    |add_ln224_fu_562_p2          |     +    |   0|  0|   12|           3|           1|
    |add_ln226_fu_594_p2          |     +    |   0|  0|   15|           7|           7|
    |add_ln227_fu_546_p2          |     +    |   0|  0|   15|           6|           6|
    |add_ln234_fu_1078_p2         |     +    |   0|  0|   13|           4|           1|
    |add_ln235_fu_718_p2          |     +    |   0|  0|   13|           4|           2|
    |add_ln237_1_fu_826_p2        |     +    |   0|  0|   15|           5|           3|
    |add_ln237_2_fu_889_p2        |     +    |   0|  0|   15|           5|           4|
    |add_ln237_3_fu_927_p2        |     +    |   0|  0|   15|           5|           4|
    |add_ln237_4_fu_984_p2        |     +    |   0|  0|   13|           4|           4|
    |add_ln237_fu_791_p2          |     +    |   0|  0|   15|           5|           3|
    |add_ln238_1_fu_797_p2        |     +    |   0|  0|   15|           5|           4|
    |add_ln238_2_fu_832_p2        |     +    |   0|  0|   15|           5|           5|
    |add_ln238_3_fu_898_p2        |     +    |   0|  0|   15|           6|           5|
    |add_ln238_4_fu_936_p2        |     +    |   0|  0|   15|           6|           6|
    |add_ln238_5_fu_994_p2        |     +    |   0|  0|   15|           6|           6|
    |add_ln238_fu_733_p2          |     +    |   0|  0|   15|           5|           3|
    |add_ln243_fu_1090_p2         |     +    |   0|  0|   13|           4|           1|
    |add_ln649_1_fu_967_p2        |     +    |   0|  0|   43|          36|          36|
    |add_ln649_2_fu_1021_p2       |     +    |   0|  0|   43|          36|          36|
    |add_ln649_3_fu_1039_p2       |     +    |   0|  0|   44|          37|          37|
    |add_ln649_4_fu_1050_p2       |     +    |   0|  0|   44|          37|          37|
    |add_ln649_5_fu_1060_p2       |     +    |   0|  0|   44|          37|          37|
    |add_ln649_6_fu_1071_p2       |     +    |   0|  0|   44|          37|          37|
    |add_ln649_fu_862_p2          |     +    |   0|  0|   42|          35|          35|
    |empty_63_fu_431_p2           |     +    |   0|  0|   15|           7|           7|
    |indvars_iv_next81_fu_399_p2  |     +    |   0|  0|   12|           3|           1|
    |sub_ln227_fu_387_p2          |     -    |   0|  0|   15|           6|           6|
    |sub_ln311_1_fu_474_p2        |     -    |   0|  0|   15|           6|           7|
    |sub_ln311_2_fu_480_p2        |     -    |   0|  0|   15|           7|           7|
    |sub_ln311_3_fu_508_p2        |     -    |   0|  0|   15|           6|           7|
    |sub_ln311_4_fu_624_p2        |     -    |   0|  0|   15|           7|           7|
    |sub_ln311_5_fu_650_p2        |     -    |   0|  0|   15|           6|           7|
    |sub_ln311_6_fu_630_p2        |     -    |   0|  0|   15|           7|           7|
    |sub_ln311_7_fu_644_p2        |     -    |   0|  0|   15|           6|           7|
    |sub_ln311_fu_469_p2          |     -    |   0|  0|   15|           7|           7|
    |sub_ln368_1_fu_1178_p2       |     -    |   0|  0|   15|           7|           8|
    |sub_ln368_fu_1144_p2         |     -    |   0|  0|   15|           7|           8|
    |and_ln237_1_fu_849_p2        |    and   |   0|  0|    2|           1|           1|
    |and_ln237_2_fu_915_p2        |    and   |   0|  0|    2|           1|           1|
    |and_ln237_3_fu_953_p2        |    and   |   0|  0|    2|           1|           1|
    |and_ln237_4_fu_1011_p2       |    and   |   0|  0|    2|           1|           1|
    |and_ln237_fu_814_p2          |    and   |   0|  0|    2|           1|           1|
    |and_ln368_1_fu_1231_p2       |    and   |   0|  0|  222|         222|         222|
    |and_ln368_2_fu_1237_p2       |    and   |   0|  0|  222|         222|         222|
    |and_ln368_fu_1219_p2         |    and   |   0|  0|  222|         222|         222|
    |p_Result_61_fu_687_p2        |    and   |   0|  0|  111|         111|         111|
    |p_Result_s_fu_533_p2         |    and   |   0|  0|  111|         111|         111|
    |cmp8_fu_405_p2               |   icmp   |   0|  0|    9|           3|           3|
    |icmp_ln223_fu_393_p2         |   icmp   |   0|  0|    9|           3|           2|
    |icmp_ln224_fu_556_p2         |   icmp   |   0|  0|    9|           3|           2|
    |icmp_ln226_fu_568_p2         |   icmp   |   0|  0|    9|           3|           3|
    |icmp_ln234_fu_706_p2         |   icmp   |   0|  0|    9|           4|           3|
    |icmp_ln237_10_fu_947_p2      |   icmp   |   0|  0|   11|           5|           3|
    |icmp_ln237_11_fu_1005_p2     |   icmp   |   0|  0|    9|           4|           3|
    |icmp_ln237_1_fu_750_p2       |   icmp   |   0|  0|    9|           4|           3|
    |icmp_ln237_2_fu_785_p2       |   icmp   |   0|  0|    9|           3|           1|
    |icmp_ln237_3_fu_820_p2       |   icmp   |   0|  0|    9|           4|           2|
    |icmp_ln237_4_fu_808_p2       |   icmp   |   0|  0|   11|           5|           3|
    |icmp_ln237_5_fu_921_p2       |   icmp   |   0|  0|    9|           4|           3|
    |icmp_ln237_6_fu_978_p2       |   icmp   |   0|  0|    9|           4|           3|
    |icmp_ln237_7_fu_843_p2       |   icmp   |   0|  0|   11|           5|           3|
    |icmp_ln237_8_fu_883_p2       |   icmp   |   0|  0|    8|           2|           1|
    |icmp_ln237_9_fu_909_p2       |   icmp   |   0|  0|   11|           5|           3|
    |icmp_ln237_fu_744_p2         |   icmp   |   0|  0|    9|           4|           3|
    |icmp_ln243_fu_1084_p2        |   icmp   |   0|  0|    9|           4|           3|
    |icmp_ln247_fu_1109_p2        |   icmp   |   0|  0|   11|           8|           7|
    |icmp_ln311_1_fu_618_p2       |   icmp   |   0|  0|   11|           7|           7|
    |icmp_ln311_fu_455_p2         |   icmp   |   0|  0|   11|           7|           7|
    |icmp_ln368_fu_1139_p2        |   icmp   |   0|  0|   11|           8|           8|
    |lshr_ln311_1_fu_527_p2       |   lshr   |   0|  0|  372|           2|         111|
    |lshr_ln311_2_fu_675_p2       |   lshr   |   0|  0|  372|         111|         111|
    |lshr_ln311_3_fu_681_p2       |   lshr   |   0|  0|  372|           2|         111|
    |lshr_ln311_fu_518_p2         |   lshr   |   0|  0|  372|         111|         111|
    |lshr_ln368_fu_1213_p2        |   lshr   |   0|  0|  814|           2|         222|
    |p_Result_62_fu_1243_p2       |    or    |   0|  0|  222|         222|         222|
    |Ui_1_fu_1115_p3              |  select  |   0|  0|    8|           1|           7|
    |Ui_fu_437_p3                 |  select  |   0|  0|    7|           1|           6|
    |Uj_fu_600_p3                 |  select  |   0|  0|    7|           1|           6|
    |select_ln311_1_fu_493_p3     |  select  |   0|  0|  111|           1|         111|
    |select_ln311_2_fu_500_p3     |  select  |   0|  0|    7|           1|           7|
    |select_ln311_3_fu_636_p3     |  select  |   0|  0|    7|           1|           7|
    |select_ln311_4_fu_655_p3     |  select  |   0|  0|  104|           1|         104|
    |select_ln311_5_fu_662_p3     |  select  |   0|  0|    7|           1|           7|
    |select_ln311_fu_485_p3       |  select  |   0|  0|    7|           1|           7|
    |select_ln368_1_fu_1173_p3    |  select  |   0|  0|    8|           1|           8|
    |select_ln368_2_fu_1150_p3    |  select  |   0|  0|    8|           1|           8|
    |select_ln368_3_fu_1201_p3    |  select  |   0|  0|  222|           1|         222|
    |select_ln368_fu_1168_p3      |  select  |   0|  0|    8|           1|           8|
    |shl_ln368_1_fu_1207_p2       |    shl   |   0|  0|  814|           2|         222|
    |shl_ln368_fu_1162_p2         |    shl   |   0|  0|  814|         222|         222|
    |ap_enable_pp1                |    xor   |   0|  0|    2|           1|           2|
    |xor_ln368_fu_1225_p2         |    xor   |   0|  0|  222|           2|         222|
    +-----------------------------+----------+----+---+-----+------------+------------+
    |Total                        |          |   0|  0| 6738|        2104|        3439|
    +-----------------------------+----------+----+---+-----+------------+------------+

    * Multiplexer: 
    +------------------------------+-----+-----------+-----+-----------+
    |             Name             | LUT | Input Size| Bits| Total Bits|
    +------------------------------+-----+-----------+-----+-----------+
    |ap_NS_fsm                     |  109|         23|    1|         23|
    |ap_enable_reg_pp1_iter1       |    9|          2|    1|          2|
    |ap_enable_reg_pp1_iter2       |   15|          3|    1|          3|
    |ap_phi_mux_i_2_phi_fu_342_p4  |    9|          2|    4|          8|
    |empty_66_reg_278              |    9|          2|   35|         70|
    |empty_67_reg_287              |    9|          2|   36|         72|
    |empty_68_reg_297              |    9|          2|   36|         72|
    |empty_69_reg_307              |    9|          2|   37|         74|
    |empty_70_reg_317              |    9|          2|   37|         74|
    |empty_71_reg_328              |    9|          2|   37|         74|
    |i_1_reg_266                   |    9|          2|    4|          8|
    |i_2_reg_338                   |    9|          2|    4|          8|
    |i_reg_243                     |    9|          2|    3|          6|
    |j_reg_255                     |    9|          2|    3|          6|
    |pp_V_address0                 |   33|          6|    6|         36|
    |pp_V_address1                 |   27|          5|    6|         30|
    |pps_V_address0                |   27|          5|    4|         20|
    |pps_V_d0                      |   47|         10|   37|        370|
    |reg_362                       |    9|          2|   34|         68|
    +------------------------------+-----+-----------+-----+-----------+
    |Total                         |  375|         78|  326|       1024|
    +------------------------------+-----+-----------+-----+-----------+

    * Register: 
    +-----------------------------------+-----+----+-----+-----------+
    |                Name               |  FF | LUT| Bits| Const Bits|
    +-----------------------------------+-----+----+-----+-----------+
    |Ui_1_reg_1496                      |    8|   0|    8|          0|
    |Ui_1_reg_1496_pp1_iter1_reg        |    8|   0|    8|          0|
    |Ui_reg_1277                        |    7|   0|    7|          0|
    |a_cast_reg_1253                    |   95|   0|  111|         16|
    |add_ln224_reg_1307                 |    3|   0|    3|          0|
    |add_ln243_reg_1491                 |    4|   0|    4|          0|
    |add_ln311_1_reg_1312               |    6|   0|    7|          1|
    |add_ln3_reg_1508                   |    8|   0|    8|          0|
    |and_ln237_1_reg_1396               |    1|   0|    1|          0|
    |and_ln237_2_reg_1420               |    1|   0|    1|          0|
    |and_ln237_3_reg_1429               |    1|   0|    1|          0|
    |and_ln237_4_reg_1453               |    1|   0|    1|          0|
    |and_ln237_reg_1387                 |    1|   0|    1|          0|
    |ap_CS_fsm                          |   22|   0|   22|          0|
    |ap_enable_reg_pp1_iter0            |    1|   0|    1|          0|
    |ap_enable_reg_pp1_iter1            |    1|   0|    1|          0|
    |ap_enable_reg_pp1_iter2            |    1|   0|    1|          0|
    |empty_66_reg_278                   |   35|   0|   35|          0|
    |empty_67_reg_287                   |   36|   0|   36|          0|
    |empty_68_reg_297                   |   36|   0|   36|          0|
    |empty_69_reg_307                   |   37|   0|   37|          0|
    |empty_70_reg_317                   |   37|   0|   37|          0|
    |empty_71_reg_328                   |   37|   0|   37|          0|
    |i_1_cast_reg_1371                  |    4|   0|    5|          1|
    |i_1_reg_266                        |    4|   0|    4|          0|
    |i_2_reg_338                        |    4|   0|    4|          0|
    |i_reg_243                          |    3|   0|    3|          0|
    |icmp_ln234_reg_1339                |    1|   0|    1|          0|
    |icmp_ln237_1_reg_1367              |    1|   0|    1|          0|
    |icmp_ln237_reg_1363                |    1|   0|    1|          0|
    |icmp_ln243_reg_1487                |    1|   0|    1|          0|
    |icmp_ln243_reg_1487_pp1_iter1_reg  |    1|   0|    1|          0|
    |icmp_ln311_1_reg_1318              |    1|   0|    1|          0|
    |icmp_ln368_reg_1514                |    1|   0|    1|          0|
    |indvars_iv_next81_reg_1272         |    3|   0|    3|          0|
    |j_reg_255                          |    3|   0|    3|          0|
    |lshr_ln311_reg_1289                |  111|   0|  111|          0|
    |mul_ln165_reg_1334                 |   34|   0|   34|          0|
    |p_Val2_35_reg_350                  |  222|   0|  222|          0|
    |pp_V_addr_1_reg_1299               |    6|   0|    6|          0|
    |pp_V_load_4_reg_1410               |   34|   0|   34|          0|
    |pp_V_load_6_reg_1443               |   34|   0|   34|          0|
    |pps_V_addr_2_reg_1358              |    4|   0|    4|          0|
    |r_V_reg_1377                       |   20|   0|   20|          0|
    |reg_362                            |   34|   0|   34|          0|
    |reg_367                            |   34|   0|   34|          0|
    |shl_ln368_reg_1521                 |  222|   0|  222|          0|
    |sub_ln227_reg_1264                 |    6|   0|    6|          0|
    |sub_ln311_3_reg_1284               |    7|   0|    7|          0|
    |sub_ln311_7_reg_1324               |    7|   0|    7|          0|
    |trunc_ln165_1_reg_1329             |   34|   0|   34|          0|
    |trunc_ln165_reg_1294               |   34|   0|   34|          0|
    +-----------------------------------+-----+----+-----+-----------+
    |Total                              | 1258|   0| 1276|         18|
    +-----------------------------------+-----+----+-----+-----------+



================================================================
== Interface
================================================================
* Summary: 
+-----------+-----+-----+------------+----------------------+--------------+
| RTL Ports | Dir | Bits|  Protocol  |     Source Object    |    C Type    |
+-----------+-----+-----+------------+----------------------+--------------+
|ap_clk     |  in |    1| ap_ctrl_hs | big_mult_v3<111, 17> | return value |
|ap_rst     |  in |    1| ap_ctrl_hs | big_mult_v3<111, 17> | return value |
|ap_start   |  in |    1| ap_ctrl_hs | big_mult_v3<111, 17> | return value |
|ap_done    | out |    1| ap_ctrl_hs | big_mult_v3<111, 17> | return value |
|ap_idle    | out |    1| ap_ctrl_hs | big_mult_v3<111, 17> | return value |
|ap_ready   | out |    1| ap_ctrl_hs | big_mult_v3<111, 17> | return value |
|ap_return  | out |  180| ap_ctrl_hs | big_mult_v3<111, 17> | return value |
|a          |  in |   95|   ap_none  |           a          |    scalar    |
+-----------+-----+-----+------------+----------------------+--------------+

