

================================================================
== Vitis HLS Report for 'sinh_cosh_range_redux_cordic_double_s'
================================================================
* Date:           Wed Jan  1 00:01:13 2020

* Version:        2020.1 (Build 2902540 on Wed May 27 20:16:15 MDT 2020)
* Project:        MorrisLecar
* Solution:       MorrisLecar (Vivado IP Flow Target)
* Product family: zynq
* Target device:  xc7z020-clg400-1


================================================================
== Performance Estimates
================================================================
+ Timing: 
    * Summary: 
    +--------+----------+----------+------------+
    |  Clock |  Target  | Estimated| Uncertainty|
    +--------+----------+----------+------------+
    |ap_clk  | 10.00 ns | 9.848 ns |   2.70 ns  |
    +--------+----------+----------+------------+

+ Latency: 
    * Summary: 
    +---------+---------+-----------+----------+-----+-----+---------+
    |  Latency (cycles) |  Latency (absolute)  |  Interval | Pipeline|
    |   min   |   max   |    min    |    max   | min | max |   Type  |
    +---------+---------+-----------+----------+-----+-----+---------+
    |        3|      856| 30.000 ns | 8.560 us |    3|  856|   none  |
    +---------+---------+-----------+----------+-----+-----+---------+

    + Detail: 
        * Instance: 
        +---------------------------------+----------------------+---------+---------+----------+----------+-----+-----+---------+
        |                                 |                      |  Latency (cycles) |  Latency (absolute) |  Interval | Pipeline|
        |             Instance            |        Module        |   min   |   max   |    min   |    max   | min | max |   Type  |
        +---------------------------------+----------------------+---------+---------+----------+----------+-----+-----+---------+
        |grp_big_mult_v3_111_17_s_fu_261  |big_mult_v3_111_17_s  |      411|      411| 4.110 us | 4.110 us |  411|  411|   none  |
        |grp_big_mult_v3_101_17_s_fu_266  |big_mult_v3_101_17_s  |      311|      311| 3.110 us | 3.110 us |  311|  311|   none  |
        +---------------------------------+----------------------+---------+---------+----------+----------+-----+-----+---------+

        * Loop: 
        +----------+---------+---------+----------+-----------+-----------+------+----------+
        |          |  Latency (cycles) | Iteration|  Initiation Interval  | Trip |          |
        | Loop Name|   min   |   max   |  Latency |  achieved |   target  | Count| Pipelined|
        +----------+---------+---------+----------+-----------+-----------+------+----------+
        |- Loop 1  |      106|      106|         2|          1|          1|   106|    yes   |
        +----------+---------+---------+----------+-----------+-----------+------+----------+



================================================================
== Utilization Estimates
================================================================
* Summary: 
+-----------------+---------+-----+--------+-------+-----+
|       Name      | BRAM_18K| DSP |   FF   |  LUT  | URAM|
+-----------------+---------+-----+--------+-------+-----+
|DSP              |        -|    -|       -|      -|    -|
|Expression       |        -|    -|     292|   7395|    -|
|FIFO             |        -|    -|       -|      -|    -|
|Instance         |        4|   34|    4850|  17132|    -|
|Memory           |        4|    -|       0|      0|    -|
|Multiplexer      |        -|    -|       -|    272|    -|
|Register         |        -|    -|    2001|      -|    -|
+-----------------+---------+-----+--------+-------+-----+
|Total            |        8|   34|    7143|  24799|    0|
+-----------------+---------+-----+--------+-------+-----+
|Available        |      280|  220|  106400|  53200|    0|
+-----------------+---------+-----+--------+-------+-----+
|Utilization (%)  |        2|   15|       6|     46|    0|
+-----------------+---------+-----+--------+-------+-----+

+ Detail: 
    * Instance: 
    +----------------------------------------+------------------------------------+---------+----+------+------+-----+
    |                Instance                |               Module               | BRAM_18K| DSP|  FF  |  LUT | URAM|
    +----------------------------------------+------------------------------------+---------+----+------+------+-----+
    |grp_big_mult_v3_101_17_s_fu_266         |big_mult_v3_101_17_s                |        2|   3|  1401|  6502|    0|
    |grp_big_mult_v3_111_17_s_fu_261         |big_mult_v3_111_17_s                |        2|   3|  1505|  7176|    0|
    |dadd_64ns_64ns_64_7_full_dsp_1_U49      |dadd_64ns_64ns_64_7_full_dsp_1      |        0|   3|   630|  1141|    0|
    |dadddsub_64ns_64ns_64_7_full_dsp_1_U48  |dadddsub_64ns_64ns_64_7_full_dsp_1  |        0|   3|   630|  1141|    0|
    |dcmp_64ns_64ns_1_2_no_dsp_1_U52         |dcmp_64ns_64ns_1_2_no_dsp_1         |        0|   0|     0|     0|    0|
    |dmul_64ns_64ns_64_7_max_dsp_1_U50       |dmul_64ns_64ns_64_7_max_dsp_1       |        0|  11|   342|   586|    0|
    |dmul_64ns_64ns_64_7_max_dsp_1_U51       |dmul_64ns_64ns_64_7_max_dsp_1       |        0|  11|   342|   586|    0|
    +----------------------------------------+------------------------------------+---------+----+------+------+-----+
    |Total                                   |                                    |        4|  34|  4850| 17132|    0|
    +----------------------------------------+------------------------------------+---------+----+------+------+-----+

    * DSP: 
    N/A

    * Memory: 
    +-----------------------------+-----------------------------------------------------------------+---------+---+----+-----+------+-----+------+-------------+
    |            Memory           |                              Module                             | BRAM_18K| FF| LUT| URAM| Words| Bits| Banks| W*Bits*Banks|
    +-----------------------------+-----------------------------------------------------------------+---------+---+----+-----+------+-----+------+-------------+
    |cordic_hyperb_table_128_V_U  |sinh_cosh_range_redux_cordic_double_s_cordic_hyperb_table_128_V  |        4|  0|   0|    0|   128|  124|     1|        15872|
    +-----------------------------+-----------------------------------------------------------------+---------+---+----+-----+------+-----+------+-------------+
    |Total                        |                                                                 |        4|  0|   0|    0|   128|  124|     1|        15872|
    +-----------------------------+-----------------------------------------------------------------+---------+---+----+-----+------+-----+------+-------------+

    * FIFO: 
    N/A

    * Expression: 
    +---------------------------+----------+----+----+-----+------------+------------+
    |       Variable Name       | Operation| DSP| FF | LUT | Bitwidth P0| Bitwidth P1|
    +---------------------------+----------+----+----+-----+------------+------------+
    |NZeros_1_fu_895_p2         |     +    |   0|   0|   39|          32|          32|
    |NZeros_4_fu_919_p2         |     +    |   0|   0|   39|          32|          32|
    |add_ln130_1_fu_636_p2      |     +    |   0|   0|   92|          85|          85|
    |add_ln130_2_fu_670_p2      |     +    |   0|   0|   92|          85|          85|
    |add_ln130_fu_597_p2        |     +    |   0|   0|   92|          85|          85|
    |add_ln509_fu_375_p2        |     +    |   0|   0|   12|          12|          11|
    |add_ln858_1_fu_1235_p2     |     +    |   0|   0|   39|           7|          32|
    |add_ln858_fu_1126_p2       |     +    |   0|   0|   39|           7|          32|
    |add_ln869_1_fu_1365_p2     |     +    |   0|   0|   11|          11|          11|
    |add_ln869_fu_1314_p2       |     +    |   0|   0|   11|          11|          11|
    |k1_1_fu_486_p2             |     +    |   0|   0|   15|           7|           1|
    |k_fu_516_p2                |     +    |   0|   0|   15|           8|           1|
    |lsb_index_1_fu_1012_p2     |     +    |   0|   0|   39|           7|          32|
    |lsb_index_fu_943_p2        |     +    |   0|   0|   39|           7|          32|
    |m_1_fu_1166_p2             |     +    |   0|   0|   71|          64|          64|
    |m_5_fu_1275_p2             |     +    |   0|   0|   71|          64|          64|
    |p_Val2_16_fu_768_p2        |     +    |   0|   0|   13|          10|          11|
    |sub_ln130_1_fu_630_p2      |     -    |   0|   0|   92|          85|          85|
    |sub_ln130_2_fu_664_p2      |     -    |   0|   0|   92|          85|          85|
    |sub_ln130_fu_591_p2        |     -    |   0|   0|   92|          85|          85|
    |sub_ln1311_fu_389_p2       |     -    |   0|   0|   13|          10|          11|
    |sub_ln232_fu_510_p2        |     -    |   0|   0|   15|           8|           8|
    |sub_ln848_1_fu_929_p2      |     -    |   0|   0|   39|           7|          32|
    |sub_ln848_fu_905_p2        |     -    |   0|   0|   39|           7|          32|
    |sub_ln851_1_fu_1033_p2     |     -    |   0|   0|   15|           4|           7|
    |sub_ln851_fu_964_p2        |     -    |   0|   0|   15|           4|           7|
    |sub_ln859_1_fu_1215_p2     |     -    |   0|   0|   39|           6|          32|
    |sub_ln859_fu_1106_p2       |     -    |   0|   0|   39|           6|          32|
    |sub_ln869_1_fu_1360_p2     |     -    |   0|   0|   11|           2|          11|
    |sub_ln869_fu_1309_p2       |     -    |   0|   0|   11|           2|          11|
    |sub_ln997_fu_778_p2        |     -    |   0|   0|   14|           3|          10|
    |tmp_V_1_fu_740_p2          |     -    |   0|   0|   92|           1|          85|
    |tmp_V_fu_698_p2            |     -    |   0|   0|   92|           1|          85|
    |and_ln853_1_fu_1100_p2     |    and   |   0|   0|    2|           1|           1|
    |and_ln853_2_fu_1064_p2     |    and   |   0|   0|   85|          85|          85|
    |and_ln853_3_fu_1209_p2     |    and   |   0|   0|    2|           1|           1|
    |and_ln853_fu_995_p2        |    and   |   0|   0|   85|          85|          85|
    |and_ln941_fu_343_p2        |    and   |   0|   0|    2|           1|           1|
    |ashr_ln1287_1_fu_611_p2    |   ashr   |   0|   0|  267|          85|          85|
    |ashr_ln1287_fu_564_p2      |   ashr   |   0|   0|  267|          85|          85|
    |tmp_5_fu_791_p3            |   ctlz   |   0|  73|   71|          64|           0|
    |tmp_6_fu_814_p3            |   ctlz   |   0|  73|   71|          64|           0|
    |tmp_7_fu_826_p3            |   ctlz   |   0|  73|   71|          64|           0|
    |tmp_8_fu_849_p3            |   ctlz   |   0|  73|   71|          64|           0|
    |hitNonZero_1_fu_837_p2     |   icmp   |   0|   0|   29|          64|           1|
    |hitNonZero_fu_802_p2       |   icmp   |   0|   0|   29|          64|           1|
    |icmp_ln231_fu_480_p2       |   icmp   |   0|   0|   11|           7|           6|
    |icmp_ln828_fu_349_p2       |   icmp   |   0|   0|   13|          11|           2|
    |icmp_ln839_1_fu_726_p2     |   icmp   |   0|   0|   50|          85|           1|
    |icmp_ln839_fu_684_p2       |   icmp   |   0|   0|   50|          85|           1|
    |icmp_ln840_fu_773_p2       |   icmp   |   0|   0|   13|          11|          10|
    |icmp_ln844_fu_354_p2       |   icmp   |   0|   0|   13|          11|          10|
    |icmp_ln850_1_fu_1027_p2    |   icmp   |   0|   0|   18|          31|           1|
    |icmp_ln850_fu_958_p2       |   icmp   |   0|   0|   18|          31|           1|
    |icmp_ln853_1_fu_1069_p2    |   icmp   |   0|   0|   50|          85|           1|
    |icmp_ln853_fu_1000_p2      |   icmp   |   0|   0|   50|          85|           1|
    |icmp_ln858_1_fu_1075_p2    |   icmp   |   0|   0|   18|          32|           1|
    |icmp_ln858_fu_1006_p2      |   icmp   |   0|   0|   18|          32|           1|
    |icmp_ln941_1_fu_332_p2     |   icmp   |   0|   0|   29|          52|           1|
    |icmp_ln941_fu_327_p2       |   icmp   |   0|   0|   13|          11|           2|
    |lshr_ln851_1_fu_1042_p2    |   lshr   |   0|   0|  267|           2|          85|
    |lshr_ln851_fu_973_p2       |   lshr   |   0|   0|  267|           2|          85|
    |lshr_ln858_1_fu_1244_p2    |   lshr   |   0|   0|  267|          85|          85|
    |lshr_ln858_fu_1135_p2      |   lshr   |   0|   0|  267|          85|          85|
    |r_V_fu_414_p2              |   lshr   |   0|   0|  307|          95|          95|
    |or_ln853_2_fu_989_p2       |    or    |   0|   0|   85|          85|          85|
    |or_ln853_fu_1058_p2        |    or    |   0|   0|   85|          85|          85|
    |or_ln941_fu_337_p2         |    or    |   0|   0|    2|           1|           1|
    |NZeros_6_fu_899_p3         |  select  |   0|   0|   32|           1|          32|
    |NZeros_7_fu_923_p3         |  select  |   0|   0|   32|           1|          32|
    |m_4_fu_1264_p3             |  select  |   0|   0|   64|           1|          64|
    |m_fu_1155_p3               |  select  |   0|   0|   64|           1|          64|
    |p_Val2_10_fu_746_p3        |  select  |   0|   0|   85|           1|          85|
    |p_Val2_17_fu_783_p3        |  select  |   0|   0|   10|           1|           1|
    |p_Val2_7_fu_704_p3         |  select  |   0|   0|   85|           1|          85|
    |r_V_4_fu_576_p3            |  select  |   0|   0|   85|           1|          85|
    |r_V_5_fu_623_p3            |  select  |   0|   0|   85|           1|          85|
    |select_ln847_1_fu_1353_p3  |  select  |   0|   0|   10|           1|          10|
    |select_ln847_fu_1302_p3    |  select  |   0|   0|   10|           1|          10|
    |select_ln850_1_fu_1229_p3  |  select  |   0|   0|    2|           1|           1|
    |select_ln850_fu_1120_p3    |  select  |   0|   0|    2|           1|           1|
    |select_ln858_1_fu_1249_p3  |  select  |   0|   0|    2|           1|           1|
    |select_ln858_fu_1140_p3    |  select  |   0|   0|    2|           1|           1|
    |t_f_V_2_fu_426_p3          |  select  |   0|   0|   95|           1|          95|
    |tmp_y_V_fu_642_p3          |  select  |   0|   0|   85|           1|          85|
    |tmp_z_fu_676_p3            |  select  |   0|   0|   85|           1|          85|
    |tx_V_fu_603_p3             |  select  |   0|   0|   85|           1|          85|
    |ush_1_fu_536_p3            |  select  |   0|   0|    8|           1|           8|
    |ush_fu_398_p3              |  select  |   0|   0|   12|           1|          12|
    |x_fu_1343_p3               |  select  |   0|   0|   64|           1|           1|
    |y_fu_1394_p3               |  select  |   0|   0|   64|           1|           1|
    |r_V_1_fu_420_p2            |    shl   |   0|   0|  307|          95|          95|
    |shl_ln1253_1_fu_617_p2     |    shl   |   0|   0|  267|          85|          85|
    |shl_ln1253_fu_570_p2       |    shl   |   0|   0|  267|          85|          85|
    |shl_ln853_1_fu_1052_p2     |    shl   |   0|   0|  267|           1|          85|
    |shl_ln853_fu_983_p2        |    shl   |   0|   0|  267|           1|          85|
    |shl_ln859_1_fu_1224_p2     |    shl   |   0|   0|  267|          85|          85|
    |shl_ln859_fu_1115_p2       |    shl   |   0|   0|  267|          85|          85|
    |ap_enable_pp0              |    xor   |   0|   0|    2|           1|           2|
    |ap_enable_reg_pp0_iter1    |    xor   |   0|   0|    2|           2|           1|
    |xor_ln1321_fu_530_p2       |    xor   |   0|   0|    8|           8|           2|
    |xor_ln853_1_fu_1197_p2     |    xor   |   0|   0|    2|           1|           2|
    |xor_ln853_fu_1088_p2       |    xor   |   0|   0|    2|           1|           2|
    +---------------------------+----------+----+----+-----+------------+------------+
    |Total                      |          |   0| 292| 7395|        3059|        3772|
    +---------------------------+----------+----+----+-----+------------+------------+

    * Multiplexer: 
    +---------------------------------------------+-----+-----------+-----+-----------+
    |                     Name                    | LUT | Input Size| Bits| Total Bits|
    +---------------------------------------------+-----+-----------+-----+-----------+
    |agg_tmp11_i_0_reg_220                        |    9|          2|   85|        170|
    |ap_NS_fsm                                    |  137|         30|    1|         30|
    |ap_enable_reg_pp0_iter1                      |   15|          3|    1|          3|
    |ap_phi_mux_c_out_write_assign_phi_fu_249_p8  |    9|          2|   63|        126|
    |ap_return                                    |    9|          2|   63|        126|
    |c_out_write_assign_reg_244                   |   21|          4|   63|        252|
    |grp_fu_271_opcode                            |   15|          3|    2|          6|
    |grp_fu_271_p0                                |   15|          3|   64|        192|
    |grp_fu_271_p1                                |   15|          3|   64|        192|
    |k1_reg_209                                   |    9|          2|    7|         14|
    |p_Val2_15_reg_199                            |    9|          2|   85|        170|
    |tmp_x_V_reg_232                              |    9|          2|   85|        170|
    +---------------------------------------------+-----+-----------+-----+-----------+
    |Total                                        |  272|         58|  583|       1451|
    +---------------------------------------------+-----+-----------+-----+-----------+

    * Register: 
    +----------------------------------------------+----+----+-----+-----------+
    |                     Name                     | FF | LUT| Bits| Const Bits|
    +----------------------------------------------+----+----+-----+-----------+
    |NZeros_3_reg_1604                             |  32|   0|   32|          0|
    |NZeros_reg_1588                               |  32|   0|   32|          0|
    |agg_tmp11_i_0_reg_220                         |  85|   0|   85|          0|
    |and_ln941_reg_1442                            |   1|   0|    1|          0|
    |ap_CS_fsm                                     |  29|   0|   29|          0|
    |ap_enable_reg_pp0_iter0                       |   1|   0|    1|          0|
    |ap_enable_reg_pp0_iter1                       |   1|   0|    1|          0|
    |ap_return_preg                                |  63|   0|   64|          1|
    |bitcast_ln520_reg_1436                        |  63|   0|   64|          1|
    |c_out_write_assign_reg_244                    |  63|   0|   64|          1|
    |coshkln2_reg_1745                             |  64|   0|   64|          0|
    |grp_big_mult_v3_101_17_s_fu_266_ap_start_reg  |   1|   0|    1|          0|
    |grp_big_mult_v3_111_17_s_fu_261_ap_start_reg  |   1|   0|    1|          0|
    |hitNonZero_1_reg_1610                         |   1|   0|    1|          0|
    |hitNonZero_reg_1594                           |   1|   0|    1|          0|
    |icmp_ln231_reg_1480                           |   1|   0|    1|          0|
    |icmp_ln828_reg_1446                           |   1|   0|    1|          0|
    |icmp_ln839_1_reg_1549                         |   1|   0|    1|          0|
    |icmp_ln839_reg_1520                           |   1|   0|    1|          0|
    |icmp_ln844_reg_1450                           |   1|   0|    1|          0|
    |icmp_ln850_1_reg_1694                         |   1|   0|    1|          0|
    |icmp_ln850_reg_1672                           |   1|   0|    1|          0|
    |icmp_ln853_1_reg_1699                         |   1|   0|    1|          0|
    |icmp_ln853_reg_1677                           |   1|   0|    1|          0|
    |icmp_ln858_1_reg_1704                         |   1|   0|    1|          0|
    |icmp_ln858_reg_1682                           |   1|   0|    1|          0|
    |isNeg_1_reg_1489                              |   1|   0|    1|          0|
    |k1_reg_209                                    |   7|   0|    7|          0|
    |k_V_reg_1459                                  |  11|   0|   11|          0|
    |k_V_write_assign_cast_reg_1465                |  10|   0|   10|          0|
    |lsb_index_1_reg_1688                          |  32|   0|   32|          0|
    |lsb_index_reg_1666                            |  32|   0|   32|          0|
    |m_8_reg_1710                                  |  63|   0|   63|          0|
    |m_9_reg_1720                                  |  63|   0|   63|          0|
    |mul2_reg_1750                                 |  64|   0|   64|          0|
    |mul3_reg_1755                                 |  64|   0|   64|          0|
    |p_Repl2_s_reg_1430                            |  52|   0|   52|          0|
    |p_Result_16_reg_1715                          |   1|   0|    1|          0|
    |p_Result_21_reg_1725                          |   1|   0|    1|          0|
    |p_Result_29_reg_1525                          |   1|   0|    1|          0|
    |p_Result_33_reg_1554                          |   1|   0|    1|          0|
    |p_Result_s_reg_1421                           |  11|   0|   11|          0|
    |p_Val2_10_reg_1559                            |  85|   0|   85|          0|
    |p_Val2_15_reg_199                             |  85|   0|   85|          0|
    |p_Val2_16_reg_1578                            |  11|   0|   11|          0|
    |p_Val2_17_reg_1583                            |  10|   0|   10|          0|
    |p_Val2_7_reg_1530                             |  85|   0|   85|          0|
    |prod_dec_V_reg_1470                           |  85|   0|   85|          0|
    |sinhkln2_reg_1740                             |  64|   0|   64|          0|
    |sub_ln848_1_reg_1649                          |  32|   0|   32|          0|
    |sub_ln848_reg_1632                            |  32|   0|   32|          0|
    |t_1_reg_1567                                  |  64|   0|   64|          0|
    |t_f_V_2_reg_1454                              |  95|   0|   95|          0|
    |t_reg_1538                                    |  64|   0|   64|          0|
    |tmp_x_V_reg_232                               |  85|   0|   85|          0|
    |trunc_ln1030_1_reg_1573                       |  21|   0|   21|          0|
    |trunc_ln1030_reg_1544                         |  21|   0|   21|          0|
    |trunc_ln1032_1_reg_1615                       |  32|   0|   32|          0|
    |trunc_ln1032_reg_1599                         |  32|   0|   32|          0|
    |trunc_ln368_1_reg_1760                        |  63|   0|   63|          0|
    |trunc_ln847_1_reg_1661                        |  11|   0|   11|          0|
    |trunc_ln847_reg_1644                          |  11|   0|   11|          0|
    |trunc_ln851_1_reg_1656                        |   7|   0|    7|          0|
    |trunc_ln851_reg_1639                          |   7|   0|    7|          0|
    |ush_1_reg_1495                                |   8|   0|    8|          0|
    |x_reg_1730                                    |  64|   0|   64|          0|
    |y_reg_1735                                    |  64|   0|   64|          0|
    +----------------------------------------------+----+----+-----+-----------+
    |Total                                         |2001|   0| 2004|          3|
    +----------------------------------------------+----+----+-----+-----------+



================================================================
== Interface
================================================================
* Summary: 
+-----------+-----+-----+------------+--------------------------------------+--------------+
| RTL Ports | Dir | Bits|  Protocol  |             Source Object            |    C Type    |
+-----------+-----+-----+------------+--------------------------------------+--------------+
|ap_clk     |  in |    1| ap_ctrl_hs | sinh_cosh_range_redux_cordic<double> | return value |
|ap_rst     |  in |    1| ap_ctrl_hs | sinh_cosh_range_redux_cordic<double> | return value |
|ap_start   |  in |    1| ap_ctrl_hs | sinh_cosh_range_redux_cordic<double> | return value |
|ap_done    | out |    1| ap_ctrl_hs | sinh_cosh_range_redux_cordic<double> | return value |
|ap_idle    | out |    1| ap_ctrl_hs | sinh_cosh_range_redux_cordic<double> | return value |
|ap_ready   | out |    1| ap_ctrl_hs | sinh_cosh_range_redux_cordic<double> | return value |
|ap_return  | out |   64| ap_ctrl_hs | sinh_cosh_range_redux_cordic<double> | return value |
|d          |  in |   64|   ap_none  |                   d                  |    scalar    |
+-----------+-----+-----+------------+--------------------------------------+--------------+

